node.exe : npm verbose cli C:\Program Files (x86)\nodejs\node.exe C:\Program 
Files (x86)\nodejs\node_modules\npm\bin\npm-cli.js
En C:\Program Files (x86)\nodejs\npm.ps1: 29 Carácter: 3
+   & $NODE_EXE $NPM_CLI_JS $args
+   ~~~~~~~~~~~~~~~~~~~~~~~~~~~~~
    + CategoryInfo          : NotSpecified: (npm verbose cli...\bin\npm-cli.js 
   :String) [], RemoteException
    + FullyQualifiedErrorId : NativeCommandError
 
npm info using npm@10.9.2
npm info using node@v22.14.0
npm verbose title npm run build
npm verbose argv "run" "build"
npm verbose logfile logs-max:10 
dir:D:\.npm\cache\_logs\2026-06-27T19_19_03_045Z-
npm verbose logfile D:\.npm\cache\_logs\2026-06-27T19_19_03_045Z-debug-0.log

> files-ui-web@1.0.0 build
> tsc -b && vite build

src/components/code-generator/InteractiveGeneratedCode.tsx(287,7): error TS2554: Expected 2 arguments, but got 1.
src/components/demo-components/dropzone-demo/CodeDemoDropzoneCustomValidation.tsx(22,38): error TS2322: Type '{ splittedOnly: boolean; codeCompleteJS: string; codeCompleteTS: string; P: true; codeSandboxJS: string; codeSandboxTS: string; codeSplittedJS: string; codeSplittedTS: string; }' is not assignable to type 'IntrinsicAttributes & ShowDemoCodeProps'.
  Property 'P' does not exist on type 'IntrinsicAttributes & ShowDemoCodeProps'.
src/components/demo-components/filemosaic-demo/DemoFileMosaicUploadStatus.tsx(30,36): error TS2503: Cannot find namespace 'NodeJS'.
src/components/getting-started/InstallationNPM.tsx(16,9): error TS2322: Type '{ style: { backgroundColor: string; }; code: string; onCopyToClipboard: () => void; }' is not assignable to type 'IntrinsicAttributes & { code?: string; onCopyToClipboard?: (_code: string) => void; }'.
  Property 'style' does not exist on type 'IntrinsicAttributes & { code?: string; onCopyToClipboard?: (_code: string) => void; }'.
src/components/getting-started/InstallationYarn.tsx(16,9): error TS2322: Type '{ style: { backgroundColor: string; }; code: string; onCopyToClipboard: () => void; }' is not assignable to type 'IntrinsicAttributes & { code?: string; onCopyToClipboard?: (_code: string) => void; }'.
  Property 'style' does not exist on type 'IntrinsicAttributes & { code?: string; onCopyToClipboard?: (_code: string) => void; }'.
src/components/switch/FileCardMosaicSwitch.tsx(29,9): error TS2322: Type 'string' is not assignable to type 'boolean'.
src/globals/hooks/useVisit.ts(7,22): error TS2503: Cannot find namespace 'NodeJS'.
src/pages/api/AvatarApi.tsx(35,44): error TS2769: No overload matches this call.
  Overload 1 of 2, '(type: "scroll", listener: (this: Window, ev: Event) => any, options?: boolean | EventListenerOptions): void', gave the following error.
    Argument of type '(rightMenuItems: RightMenuItemComplete[], setSelectedItem: React.Dispatch<React.SetStateAction<number>>) => void' is not assignable to parameter of type '(this: Window, ev: Event) => any'.
      Target signature provides too few arguments. Expected 2 or more, but got 1.
  Overload 2 of 2, '(type: string, listener: EventListenerOrEventListenerObject, options?: boolean | EventListenerOptions): void', gave the following error.
    Argument of type '(rightMenuItems: RightMenuItemComplete[], setSelectedItem: React.Dispatch<React.SetStateAction<number>>) => void' is not assignable to parameter of type 'EventListenerOrEventListenerObject'.
      Type '(rightMenuItems: RightMenuItemComplete[], setSelectedItem: React.Dispatch<React.SetStateAction<number>>) => void' is not assignable to type 'EventListener'.
        Target signature provides too few arguments. Expected 2 or more, but got 1.
src/pages/demo/DropzoneDemoPage.tsx(114,14): error TS2741: Property 'button' is missing in type '{}' but required in type '{ button: any; }'.
src/pages/demo/DropzoneDemoPage.tsx(207,14): error TS2741: Property 'button' is missing in type '{}' but required in type '{ button: boolean; }'.
src/pages/demo/DropzoneDemoPage.tsx(223,14): error TS2741: Property 'button' is missing in type '{}' but required in type '{ button: any; }'.
src/pages/demo/DropzoneDemoPage.tsx(316,14): error TS2741: Property 'button' is missing in type '{}' but required in type '{ button: any; }'.
src/pages/demo/DropzoneDemoPage.tsx(319,12): error TS2741: Property 'button' is missing in type '{}' but required in type '{ splittedOnly?: boolean; button: any; }'.
src/pages/demo/DropzoneDemoPage.tsx(496,14): error TS2741: Property 'button' is missing in type '{}' but required in type '{ button: any; }'.
src/pages/demo/DropzoneDemoPage.tsx(499,12): error TS2741: Property 'button' is missing in type '{}' but required in type '{ splittedOnly?: boolean; button: any; }'.
src/pages/demo/DropzoneDemoPage.tsx(511,14): error TS2741: Property 'button' is missing in type '{}' but required in type '{ button: any; }'.
src/pages/demo/DropzoneDemoPage.tsx(557,14): error TS2741: Property 'button' is missing in type '{}' but required in type '{ button: any; }'.
src/pages/demo/FileCardDemoPage.tsx(81,12): error TS2741: Property 'card' is missing in type '{ children: Element; }' but required in type '{ children: any; card: any; }'.
src/pages/demo/FileCardDemoPage.tsx(127,12): error TS2741: Property 'card' is missing in type '{ children: Element; }' but required in type '{ children: any; card: any; }'.
src/pages/demo/FileCardDemoPage.tsx(355,12): error TS2741: Property 'card' is missing in type '{ children: Element; }' but required in type '{ children: any; card: any; }'.
src/pages/demo/FileMosaicDemoPage.tsx(85,12): error TS2741: Property 'card' is missing in type '{ children: Element; }' but required in type '{ children: any; card: any; }'.
src/pages/demo/FileMosaicDemoPage.tsx(133,12): error TS2741: Property 'card' is missing in type '{ children: Element; }' but required in type '{ children: any; card: any; }'.
src/pages/demo/FileMosaicDemoPage.tsx(137,12): error TS2741: Property 'card' is missing in type '{}' but required in type '{ card: boolean; }'.
src/pages/demo/FileMosaicDemoPage.tsx(160,12): error TS2741: Property 'card' is missing in type '{ children: Element; }' but required in type '{ children: any; card: any; }'.
src/pages/demo/FileMosaicDemoPage.tsx(161,14): error TS2741: Property 'card' is missing in type '{}' but required in type '{ card: any; }'.
src/pages/demo/FileMosaicDemoPage.tsx(164,12): error TS2741: Property 'card' is missing in type '{}' but required in type '{ card: any; }'.
src/pages/demo/FileMosaicDemoPage.tsx(217,12): error TS2741: Property 'card' is missing in type '{}' but required in type '{ card: any; }'.
src/pages/demo/FileMosaicDemoPage.tsx(370,12): error TS2741: Property 'card' is missing in type '{ children: Element; }' but required in type '{ children: any; card: any; }'.
src/pages/demo/FileMosaicDemoPage.tsx(371,14): error TS2741: Property 'card' is missing in type '{}' but required in type '{ card: boolean; }'.
src/pages/demo/FileMosaicDemoPage.tsx(374,12): error TS2741: Property 'card' is missing in type '{}' but required in type '{ card: any; }'.
src/pages/getting-started/ClipBoardInstall.tsx(15,7): error TS2607: JSX element class does not support attributes because it does not have a 'props' property.
src/pages/getting-started/ClipBoardInstall.tsx(15,8): error TS2786: 'Clipboard' cannot be used as a JSX component.
  Its type '{ new (): Clipboard; prototype: Clipboard; }' is not a valid JSX element type.
    Type '{ new (): Clipboard; prototype: Clipboard; }' is not assignable to type 'new (props: any, context: any) => Component<any, any, any>'.
      Type 'Clipboard' is missing the following properties from type 'Component<any, any, any>': context, setState, forceUpdate, render, and 2 more.
src/pages/types-page/TypesPage.tsx(134,15): error TS2322: Type 'string' is not assignable to type 'Element'.
src/pages/types-page/TypesPage.tsx(141,15): error TS2322: Type 'string' is not assignable to type 'Element'.
src/pages/types-page/TypesPage.tsx(149,15): error TS2322: Type 'string' is not assignable to type 'Element'.
src/pages/types-page/TypesPage.tsx(156,15): error TS2322: Type 'string' is not assignable to type 'Element'.
src/pages/types-page/TypesPage.tsx(163,15): error TS2322: Type 'string' is not assignable to type 'Element'.
src/pages/types-page/TypesPage.tsx(170,15): error TS2322: Type 'string' is not assignable to type 'Element'.
src/pages/types-page/TypesPage.tsx(178,15): error TS2322: Type 'string' is not assignable to type 'Element'.
src/pages/upload/UploadPage.tsx(10,6): error TS2741: Property 'selectedIndex' is missing in type '{ children: Element[]; }' but required in type '{ children: any; selectedIndex: any; }'.
src/routes/MainRouter.tsx(34,8): error TS2741: Property 'selectedIndex' is missing in type '{ children: Element; }' but required in type '{ children: any; selectedIndex: any; }'.
src/routes/MainRouter.tsx(41,15): error TS2741: Property 'darkModeOn' is missing in type '{}' but required in type '{ darkModeOn: any; }'.
src/templates/NavBarTemplate.tsx(93,8): error TS2739: Type '{ selectedIndex: any; }' is missing the following properties from type 'MainMenuSideBarProps': items, setSelectedIndex
npm verbose cwd D:\filessssss\super\files-ui-web
npm verbose os Windows_NT 10.0.19045
npm verbose node v22.14.0
npm verbose npm  v10.9.2
npm verbose exit 2
npm verbose code 2
